---
source: parser/src/string.rs
expression: parse_ast
---
[
    Attributed {
        custom: (),
        node: Expr(
            StmtExpr {
                value: Attributed {
                    custom: (),
                    node: Constant(
                        ExprConstant {
                            value: Str(
                                "\u{1b}",
                            ),
                            kind: None,
                            range: 0..12,
                        },
                    ),
                },
                range: 0..12,
            },
        ),
    },
]
