---
source: parser/src/context.rs
expression: parse_ast
---
[
    Attributed {
        custom: (),
        node: AugAssign(
            StmtAugAssign {
                target: Attributed {
                    custom: (),
                    node: Attribute(
                        ExprAttribute {
                            value: Attributed {
                                custom: (),
                                node: Name(
                                    ExprName {
                                        id: Identifier(
                                            "x",
                                        ),
                                        ctx: Load,
                                        range: 0..1,
                                    },
                                ),
                            },
                            attr: Identifier(
                                "y",
                            ),
                            ctx: Store,
                            range: 0..3,
                        },
                    ),
                },
                op: Add,
                value: Attributed {
                    custom: (),
                    node: Tuple(
                        ExprTuple {
                            elts: [
                                Attributed {
                                    custom: (),
                                    node: Constant(
                                        ExprConstant {
                                            value: Int(
                                                1,
                                            ),
                                            kind: None,
                                            range: 8..9,
                                        },
                                    ),
                                },
                                Attributed {
                                    custom: (),
                                    node: Constant(
                                        ExprConstant {
                                            value: Int(
                                                2,
                                            ),
                                            kind: None,
                                            range: 11..12,
                                        },
                                    ),
                                },
                                Attributed {
                                    custom: (),
                                    node: Constant(
                                        ExprConstant {
                                            value: Int(
                                                3,
                                            ),
                                            kind: None,
                                            range: 14..15,
                                        },
                                    ),
                                },
                            ],
                            ctx: Load,
                            range: 7..16,
                        },
                    ),
                },
                range: 0..16,
            },
        ),
    },
]
