---
source: parser/src/string.rs
expression: parse_ast
---
[
    Expr(
        StmtExpr {
            range: 0..22,
            value: JoinedStr(
                ExprJoinedStr {
                    range: 0..22,
                    values: [
                        Constant(
                            ExprConstant {
                                range: 0..22,
                                value: Str(
                                    "Hello world",
                                ),
                                kind: None,
                            },
                        ),
                        FormattedValue(
                            ExprFormattedValue {
                                range: 9..22,
                                value: Constant(
                                    ExprConstant {
                                        range: 17..20,
                                        value: Str(
                                            "!",
                                        ),
                                        kind: None,
                                    },
                                ),
                                conversion: Int(
                                    0,
                                ),
                                format_spec: None,
                            },
                        ),
                    ],
                },
            ),
        },
    ),
]
