---
source: parser/src/parser.rs
expression: parse_ast
---
Subscript(
    ExprSubscript {
        value: Name(
            ExprName {
                id: Identifier(
                    "x",
                ),
                ctx: Load,
                range: 0..1,
            },
        ),
        slice: Slice(
            ExprSlice {
                lower: Some(
                    Constant(
                        ExprConstant {
                            value: Int(
                                1,
                            ),
                            kind: None,
                            range: 2..3,
                        },
                    ),
                ),
                upper: Some(
                    Constant(
                        ExprConstant {
                            value: Int(
                                2,
                            ),
                            kind: None,
                            range: 4..5,
                        },
                    ),
                ),
                step: Some(
                    Constant(
                        ExprConstant {
                            value: Int(
                                3,
                            ),
                            kind: None,
                            range: 6..7,
                        },
                    ),
                ),
                range: 2..7,
            },
        ),
        ctx: Load,
        range: 0..8,
    },
)
