---
source: parser/src/function.rs
expression: parse_ast
---
Ok(
    [
        FunctionDef(
            StmtFunctionDef {
                range: 0..52,
                name: Identifier(
                    "f",
                ),
                args: Arguments {
                    range: 6..45,
                    posonlyargs: [],
                    args: [
                        ArgWithDefault {
                            range: 6..7,
                            def: Arg {
                                range: 6..7,
                                arg: Identifier(
                                    "a",
                                ),
                                annotation: None,
                                type_comment: None,
                            },
                            default: None,
                        },
                        ArgWithDefault {
                            range: 9..10,
                            def: Arg {
                                range: 9..10,
                                arg: Identifier(
                                    "b",
                                ),
                                annotation: None,
                                type_comment: None,
                            },
                            default: None,
                        },
                        ArgWithDefault {
                            range: 12..13,
                            def: Arg {
                                range: 12..13,
                                arg: Identifier(
                                    "c",
                                ),
                                annotation: None,
                                type_comment: None,
                            },
                            default: None,
                        },
                    ],
                    vararg: Some(
                        Arg {
                            range: 16..20,
                            arg: Identifier(
                                "args",
                            ),
                            annotation: None,
                            type_comment: None,
                        },
                    ),
                    kwonlyargs: [
                        ArgWithDefault {
                            range: 22..23,
                            def: Arg {
                                range: 22..23,
                                arg: Identifier(
                                    "d",
                                ),
                                annotation: None,
                                type_comment: None,
                            },
                            default: None,
                        },
                        ArgWithDefault {
                            range: 25..26,
                            def: Arg {
                                range: 25..26,
                                arg: Identifier(
                                    "e",
                                ),
                                annotation: None,
                                type_comment: None,
                            },
                            default: Some(
                                Constant(
                                    ExprConstant {
                                        range: 27..29,
                                        value: Int(
                                            20,
                                        ),
                                        kind: None,
                                    },
                                ),
                            ),
                        },
                        ArgWithDefault {
                            range: 31..32,
                            def: Arg {
                                range: 31..32,
                                arg: Identifier(
                                    "f",
                                ),
                                annotation: None,
                                type_comment: None,
                            },
                            default: Some(
                                Constant(
                                    ExprConstant {
                                        range: 33..35,
                                        value: Int(
                                            30,
                                        ),
                                        kind: None,
                                    },
                                ),
                            ),
                        },
                    ],
                    kwarg: Some(
                        Arg {
                            range: 39..45,
                            arg: Identifier(
                                "kwargs",
                            ),
                            annotation: None,
                            type_comment: None,
                        },
                    ),
                },
                body: [
                    Pass(
                        StmtPass {
                            range: 48..52,
                        },
                    ),
                ],
                decorator_list: [],
                returns: None,
                type_comment: None,
            },
        ),
    ],
)
