---
source: parser/src/string.rs
expression: parse_ast
---
[
    FormattedValue(
        ExprFormattedValue {
            range: 0..13,
            value: Name(
                ExprName {
                    range: 3..6,
                    id: Identifier(
                        "foo",
                    ),
                    ctx: Load,
                },
            ),
            conversion: None,
            format_spec: Some(
                JoinedStr(
                    ExprJoinedStr {
                        range: 0..13,
                        values: [
                            Constant(
                                ExprConstant {
                                    range: 0..13,
                                    value: Str(
                                        "spec",
                                    ),
                                    kind: None,
                                },
                            ),
                        ],
                    },
                ),
            ),
        },
    ),
]
