---
source: parser/src/function.rs
expression: parse_ast
---
Ok(
    [
        Expr(
            StmtExpr {
                range: 0..23,
                value: Lambda(
                    ExprLambda {
                        range: 0..23,
                        args: Arguments {
                            range: (),
                            posonlyargs: [],
                            args: [
                                Arg {
                                    range: 7..8,
                                    arg: Identifier(
                                        "a",
                                    ),
                                    annotation: None,
                                    type_comment: None,
                                },
                                Arg {
                                    range: 10..11,
                                    arg: Identifier(
                                        "b",
                                    ),
                                    annotation: None,
                                    type_comment: None,
                                },
                                Arg {
                                    range: 16..17,
                                    arg: Identifier(
                                        "c",
                                    ),
                                    annotation: None,
                                    type_comment: None,
                                },
                            ],
                            vararg: None,
                            kwonlyargs: [],
                            kw_defaults: [],
                            kwarg: None,
                            defaults: [
                                Constant(
                                    ExprConstant {
                                        range: 12..14,
                                        value: Int(
                                            20,
                                        ),
                                        kind: None,
                                    },
                                ),
                                Constant(
                                    ExprConstant {
                                        range: 18..20,
                                        value: Int(
                                            30,
                                        ),
                                        kind: None,
                                    },
                                ),
                            ],
                        },
                        body: Constant(
                            ExprConstant {
                                range: 22..23,
                                value: Int(
                                    1,
                                ),
                                kind: None,
                            },
                        ),
                    },
                ),
            },
        ),
    ],
)
