---
source: parser/src/function.rs
expression: parse_ast
---
Ok(
    [
        Expr(
            StmtExpr {
                range: 0..26,
                value: Lambda(
                    ExprLambda {
                        range: 0..26,
                        args: Arguments {
                            posonlyargs: [],
                            args: [],
                            vararg: None,
                            kwonlyargs: [
                                Arg {
                                    arg: Identifier(
                                        "a",
                                    ),
                                    annotation: None,
                                    type_comment: None,
                                    range: 10..11,
                                },
                                Arg {
                                    arg: Identifier(
                                        "b",
                                    ),
                                    annotation: None,
                                    type_comment: None,
                                    range: 13..14,
                                },
                                Arg {
                                    arg: Identifier(
                                        "c",
                                    ),
                                    annotation: None,
                                    type_comment: None,
                                    range: 19..20,
                                },
                            ],
                            kw_defaults: [
                                Constant(
                                    ExprConstant {
                                        range: 15..17,
                                        value: Int(
                                            20,
                                        ),
                                        kind: None,
                                    },
                                ),
                                Constant(
                                    ExprConstant {
                                        range: 21..23,
                                        value: Int(
                                            30,
                                        ),
                                        kind: None,
                                    },
                                ),
                            ],
                            kwarg: None,
                            defaults: [],
                            range: (),
                        },
                        body: Constant(
                            ExprConstant {
                                range: 25..26,
                                value: Int(
                                    1,
                                ),
                                kind: None,
                            },
                        ),
                    },
                ),
            },
        ),
    ],
)
