---
source: parser/src/function.rs
expression: parse_ast
---
Ok(
    [
        FunctionDef(
            StmtFunctionDef {
                range: 0..20,
                name: Identifier(
                    "f",
                ),
                args: Arguments {
                    range: 6..13,
                    posonlyargs: [],
                    args: [
                        ArgWithDefault {
                            range: 6..7,
                            def: Arg {
                                range: 6..7,
                                arg: Identifier(
                                    "a",
                                ),
                                annotation: None,
                                type_comment: None,
                            },
                            default: None,
                        },
                        ArgWithDefault {
                            range: 9..10,
                            def: Arg {
                                range: 9..10,
                                arg: Identifier(
                                    "b",
                                ),
                                annotation: None,
                                type_comment: None,
                            },
                            default: None,
                        },
                        ArgWithDefault {
                            range: 12..13,
                            def: Arg {
                                range: 12..13,
                                arg: Identifier(
                                    "c",
                                ),
                                annotation: None,
                                type_comment: None,
                            },
                            default: None,
                        },
                    ],
                    vararg: None,
                    kwonlyargs: [],
                    kwarg: None,
                },
                body: [
                    Pass(
                        StmtPass {
                            range: 16..20,
                        },
                    ),
                ],
                decorator_list: [],
                returns: None,
                type_comment: None,
            },
        ),
    ],
)
