---
source: parser/src/string.rs
expression: parse_ast
---
[
    Constant(
        ExprConstant {
            range: 0..10,
            value: Str(
                "user=",
            ),
            kind: None,
        },
    ),
    Constant(
        ExprConstant {
            range: 0..10,
            value: Str(
                "",
            ),
            kind: None,
        },
    ),
    FormattedValue(
        ExprFormattedValue {
            range: 0..10,
            value: Name(
                ExprName {
                    range: 3..7,
                    id: Identifier(
                        "user",
                    ),
                    ctx: Load,
                },
            ),
            conversion: Int(
                114,
            ),
            format_spec: None,
        },
    ),
]
