---
source: parser/src/function.rs
expression: parse_ast
---
Ok(
    [
        FunctionDef(
            StmtFunctionDef {
                range: 0..29,
                name: Identifier(
                    "f",
                ),
                args: Arguments {
                    posonlyargs: [],
                    args: [],
                    vararg: None,
                    kwonlyargs: [
                        Arg {
                            arg: Identifier(
                                "a",
                            ),
                            annotation: None,
                            type_comment: None,
                            range: 9..10,
                        },
                        Arg {
                            arg: Identifier(
                                "b",
                            ),
                            annotation: None,
                            type_comment: None,
                            range: 12..13,
                        },
                        Arg {
                            arg: Identifier(
                                "c",
                            ),
                            annotation: None,
                            type_comment: None,
                            range: 18..19,
                        },
                    ],
                    kw_defaults: [
                        Constant(
                            ExprConstant {
                                range: 14..16,
                                value: Int(
                                    20,
                                ),
                                kind: None,
                            },
                        ),
                        Constant(
                            ExprConstant {
                                range: 20..22,
                                value: Int(
                                    30,
                                ),
                                kind: None,
                            },
                        ),
                    ],
                    kwarg: None,
                    defaults: [],
                    range: (),
                },
                body: [
                    Pass(
                        StmtPass {
                            range: 25..29,
                        },
                    ),
                ],
                decorator_list: [],
                returns: None,
                type_comment: None,
            },
        ),
    ],
)
