---
source: parser/src/parser.rs
expression: parse_ast
---
GeneratorExp(
    ExprGeneratorExp {
        range: 0..14,
        elt: Name(
            ExprName {
                range: 1..2,
                id: Identifier(
                    "x",
                ),
                ctx: Load,
            },
        ),
        generators: [
            Comprehension {
                target: Name(
                    ExprName {
                        range: 7..8,
                        id: Identifier(
                            "y",
                        ),
                        ctx: Store,
                    },
                ),
                iter: Name(
                    ExprName {
                        range: 12..13,
                        id: Identifier(
                            "z",
                        ),
                        ctx: Load,
                    },
                ),
                ifs: [],
                is_async: false,
                range: (),
            },
        ],
    },
)
