---
source: parser/src/parser.rs
expression: parse_ast
---
GeneratorExp(
    ExprGeneratorExp {
        range: 0..23,
        elt: NamedExpr(
            ExprNamedExpr {
                range: 1..11,
                target: Name(
                    ExprName {
                        range: 1..2,
                        id: Identifier(
                            "x",
                        ),
                        ctx: Store,
                    },
                ),
                value: BinOp(
                    ExprBinOp {
                        range: 6..11,
                        left: Name(
                            ExprName {
                                range: 6..7,
                                id: Identifier(
                                    "y",
                                ),
                                ctx: Load,
                            },
                        ),
                        op: Add,
                        right: Constant(
                            ExprConstant {
                                range: 10..11,
                                value: Int(
                                    1,
                                ),
                                kind: None,
                            },
                        ),
                    },
                ),
            },
        ),
        generators: [
            Comprehension {
                range: (),
                target: Name(
                    ExprName {
                        range: 16..17,
                        id: Identifier(
                            "y",
                        ),
                        ctx: Store,
                    },
                ),
                iter: Name(
                    ExprName {
                        range: 21..22,
                        id: Identifier(
                            "z",
                        ),
                        ctx: Load,
                    },
                ),
                ifs: [],
                is_async: false,
            },
        ],
    },
)
